// Jest Snapshot v1, https://goo.gl/fbAQLP

exports[`renders 1`] = `
<div>
  <header
    className="header"
  >
    <nav
      className="navbar navbar-light bg-light"
    >
      <span
        className="navbar-brand mb-0 h1"
      >
        Giphies
      </span>
    </nav>
  </header>
  <div
    className="container"
  >
    <div />
  </div>
</div>
`;
